// Jest Snapshot v1, https://goo.gl/fbAQLP

exports[`renders the calendar 1`] = `
<div
  class="StyledGrommet-sc-19lkkz7-0 fZoPPO"
  style="min-height: 100%;"
>
  <div
    class="StyledGrid-sc-1wofa1l-0 jkgEes"
    style="min-height: 100%;"
  >
    <div
      class="StyledBox-sc-13pk1d4-0 kOYHGA"
    >
      <nav
        class="StyledBox-sc-13pk1d4-0 PHNoe"
      >
        <button
          class="StyledButtonKind-sc-1vhfpnt-0 bvTaVN"
          kind="default"
          title="calendar"
          type="button"
        >
          <svg
            aria-label="Calendar"
            class="StyledIcon-ofa7kd-0 NqKYz"
            viewBox="0 0 24 24"
          >
            <path
              d="M2,5 L22,5 L22,22 L2,22 L2,5 Z M18,5 L18,1 M6,5 L6,1 M2,10 L22,10"
              fill="none"
              stroke="#000"
              stroke-width="2"
            />
          </svg>
        </button>
        <div
          class="StyledBox__StyledBoxGap-sc-13pk1d4-1 cxqgXz"
        />
        <button
          class="StyledButtonKind-sc-1vhfpnt-0 fPzdzZ"
          kind="default"
          title="correlate"
          type="button"
        >
          <svg
            aria-label="Test"
            class="StyledIcon-ofa7kd-0 NqKYz"
            viewBox="0 0 24 24"
          >
            <path
              d="M8.9997,0.99999995 L8.9997,8.0003 L1.9997,20.0003 L1.9997,23.0003 L21.9997,23.0003 L21.9997,20.0003 L14.9997,8.0003 L14.9997,0.99999995 M15,18 C15.5522847,18 16,17.5522847 16,17 C16,16.4477153 15.5522847,16 15,16 C14.4477153,16 14,16.4477153 14,17 C14,17.5522847 14.4477153,18 15,18 Z M9,20 C9.55228475,20 10,19.5522847 10,19 C10,18.4477153 9.55228475,18 9,18 C8.44771525,18 8,18.4477153 8,19 C8,19.5522847 8.44771525,20 9,20 Z M18,13 C11,9.99999996 12,17.0000002 6,14 M5.9997,1.0003 L17.9997,1.0003"
              fill="none"
              stroke="#000"
              stroke-width="2"
            />
          </svg>
        </button>
        <div
          class="StyledBox__StyledBoxGap-sc-13pk1d4-1 cxqgXz"
        />
        <button
          class="StyledButtonKind-sc-1vhfpnt-0 fPzdzZ"
          kind="default"
          title="categories"
          type="button"
        >
          <svg
            aria-label="Tag"
            class="StyledIcon-ofa7kd-0 NqKYz"
            viewBox="0 0 24 24"
          >
            <path
              d="M11.7058543,22.2941457 C11.3160217,22.6839783 10.6897542,22.6897542 10.2968194,22.2968194 L1.70318058,13.7031806 C1.31482467,13.3148247 1.32097101,12.679029 1.70585426,12.2941457 L13,1 L23,1 L23,11 L11.7058543,22.2941457 Z M6,12 L12,18 M9,9 L15,15 M17,6 C17,5.4475 17.4475,5 18,5 C18.5525,5 19,5.4475 19,6 C19,6.5525 18.5525,7 18,7 C17.4475,7 17,6.5525 17,6"
              fill="none"
              stroke="#000"
              stroke-width="2"
            />
          </svg>
        </button>
        <div
          class="StyledBox__StyledBoxGap-sc-13pk1d4-1 cxqgXz"
        />
        <button
          class="StyledButtonKind-sc-1vhfpnt-0 fPzdzZ"
          kind="default"
          title="guide"
          type="button"
        >
          <svg
            aria-label="User"
            class="StyledIcon-ofa7kd-0 NqKYz"
            viewBox="0 0 24 24"
          >
            <path
              d="M8,24 L8,19 M16,24 L16,19 M3,24 L3,19 C3,14.0294373 7.02943725,11 12,11 C16.9705627,11 21,14.0294373 21,19 L21,24 M12,11 C14.7614237,11 17,8.76142375 17,6 C17,3.23857625 14.7614237,1 12,1 C9.23857625,1 7,3.23857625 7,6 C7,8.76142375 9.23857625,11 12,11 Z"
              fill="none"
              stroke="#000"
              stroke-width="2"
            />
          </svg>
        </button>
      </nav>
      <div
        class="StyledBox-sc-13pk1d4-0 bFwQzJ"
        style="transform: translateX(0px);"
      >
        <header
          class="StyledBox-sc-13pk1d4-0 cPVHZm"
        >
          <h1
            class="StyledHeading-sc-1rdh4aw-0 bozgir"
          >
            Aug 23
          </h1>
          <div
            class="StyledBox__StyledBoxGap-sc-13pk1d4-1 cxqgXz"
          />
          <div
            class="StyledBox-sc-13pk1d4-0 bIdaiR"
          >
            <button
              aria-label="Open Drop"
              class="StyledButtonKind-sc-1vhfpnt-0 fPzdzZ"
              kind="default"
              type="button"
            >
              <svg
                aria-label="Calendar"
                class="StyledIcon-ofa7kd-0 kfECiH"
                viewBox="0 0 24 24"
              >
                <path
                  d="M2,5 L22,5 L22,22 L2,22 L2,5 Z M18,5 L18,1 M6,5 L6,1 M2,10 L22,10"
                  fill="none"
                  stroke="#000"
                  stroke-width="2"
                />
              </svg>
            </button>
            <div
              class="StyledBox__StyledBoxGap-sc-13pk1d4-1 ffjnxm"
            />
            <button
              class="StyledButtonKind-sc-1vhfpnt-0 fPzdzZ"
              kind="default"
              type="button"
            >
              <svg
                aria-label="Previous"
                class="StyledIcon-ofa7kd-0 NqKYz"
                viewBox="0 0 24 24"
              >
                <polyline
                  fill="none"
                  points="7 2 17 12 7 22"
                  stroke="#000"
                  stroke-width="2"
                  transform="matrix(-1 0 0 1 24 0)"
                />
              </svg>
            </button>
            <div
              class="StyledBox__StyledBoxGap-sc-13pk1d4-1 ffjnxm"
            />
            <button
              class="StyledButtonKind-sc-1vhfpnt-0 fPzdzZ"
              kind="default"
              type="button"
            >
              <svg
                aria-label="Next"
                class="StyledIcon-ofa7kd-0 NqKYz"
                viewBox="0 0 24 24"
              >
                <polyline
                  fill="none"
                  points="7 2 17 12 7 22"
                  stroke="#000"
                  stroke-width="2"
                />
              </svg>
            </button>
          </div>
        </header>
        <div
          class="StyledBox-sc-13pk1d4-0 kmnMBf"
        >
          <div
            class="StyledBox-sc-13pk1d4-0 hNrPTY"
          >
            <div
              class="StyledBox-sc-13pk1d4-0 hgSqaU"
            >
              <span
                class="StyledText-sc-1sadyjn-0 hUokoe"
              >
                test-number
              </span>
              <div
                class="StyledBox__StyledBoxGap-sc-13pk1d4-1 ffjnxm"
              />
              <span
                class="StyledText-sc-1sadyjn-0 kiLNeJ"
              >
                8 am
              </span>
            </div>
            <div
              class="StyledBox-sc-13pk1d4-0 VvbUh"
            >
              <div
                class="StyledBox-sc-13pk1d4-0 dGjjmJ"
              >
                <div
                  class="StyledTextInput__StyledTextInputContainer-sc-1x30a0s-1 ksQrmr"
                >
                  <input
                    autocomplete="off"
                    class="StyledTextInput-sc-1x30a0s-0 deAfJe"
                    id="test-number-undefined-0"
                    name="test-number-undefined-0"
                    step=".1"
                    type="number"
                    value=""
                  />
                </div>
                <span
                  class="StyledText-sc-1sadyjn-0 juRNPx"
                >
                  hours
                </span>
              </div>
            </div>
          </div>
          <div
            class="StyledBox-sc-13pk1d4-0 hNrPTY"
          >
            <div
              class="StyledBox-sc-13pk1d4-0 hgSqaU"
            >
              <span
                class="StyledText-sc-1sadyjn-0 hUokoe"
              >
                test-scale
              </span>
              <div
                class="StyledBox__StyledBoxGap-sc-13pk1d4-1 ffjnxm"
              />
              <span
                class="StyledText-sc-1sadyjn-0 kiLNeJ"
              >
                12 pm
              </span>
            </div>
            <div
              class="StyledBox-sc-13pk1d4-0 VvbUh"
            >
              <div
                class="StyledBox-sc-13pk1d4-0 bIdaiR"
                id="test-scale-undefined-1"
              >
                <label
                  class="StyledRadioButton__StyledRadioButtonContainer-g1f6ld-0 clVOLE"
                  for="test-scale-undefined-1-1"
                >
                  <div
                    class="StyledBox-sc-13pk1d4-0 gzfjUM StyledRadioButton-g1f6ld-5 dUxqYi"
                  >
                    <input
                      class="StyledRadioButton__StyledRadioButtonInput-g1f6ld-1 hBCEfd"
                      id="test-scale-undefined-1-1"
                      name="test-scale-undefined-1"
                      type="radio"
                      value="1"
                    />
                    <div
                      class="StyledBox-sc-13pk1d4-0 hTUWxU"
                    />
                  </div>
                </label>
                <div
                  class="StyledBox__StyledBoxGap-sc-13pk1d4-1 cPZcyD"
                />
                <label
                  class="StyledRadioButton__StyledRadioButtonContainer-g1f6ld-0 clVOLE"
                  for="test-scale-undefined-1-2"
                >
                  <div
                    class="StyledBox-sc-13pk1d4-0 gzfjUM StyledRadioButton-g1f6ld-5 dUxqYi"
                  >
                    <input
                      class="StyledRadioButton__StyledRadioButtonInput-g1f6ld-1 hBCEfd"
                      id="test-scale-undefined-1-2"
                      name="test-scale-undefined-1"
                      type="radio"
                      value="2"
                    />
                    <div
                      class="StyledBox-sc-13pk1d4-0 hTUWxU"
                    />
                  </div>
                </label>
                <div
                  class="StyledBox__StyledBoxGap-sc-13pk1d4-1 cPZcyD"
                />
                <label
                  class="StyledRadioButton__StyledRadioButtonContainer-g1f6ld-0 clVOLE"
                  for="test-scale-undefined-1-3"
                >
                  <div
                    class="StyledBox-sc-13pk1d4-0 gzfjUM StyledRadioButton-g1f6ld-5 dUxqYi"
                  >
                    <input
                      class="StyledRadioButton__StyledRadioButtonInput-g1f6ld-1 hBCEfd"
                      id="test-scale-undefined-1-3"
                      name="test-scale-undefined-1"
                      type="radio"
                      value="3"
                    />
                    <div
                      class="StyledBox-sc-13pk1d4-0 hTUWxU"
                    />
                  </div>
                </label>
                <div
                  class="StyledBox__StyledBoxGap-sc-13pk1d4-1 cPZcyD"
                />
                <label
                  class="StyledRadioButton__StyledRadioButtonContainer-g1f6ld-0 clVOLE"
                  for="test-scale-undefined-1-4"
                >
                  <div
                    class="StyledBox-sc-13pk1d4-0 gzfjUM StyledRadioButton-g1f6ld-5 dUxqYi"
                  >
                    <input
                      class="StyledRadioButton__StyledRadioButtonInput-g1f6ld-1 hBCEfd"
                      id="test-scale-undefined-1-4"
                      name="test-scale-undefined-1"
                      type="radio"
                      value="4"
                    />
                    <div
                      class="StyledBox-sc-13pk1d4-0 hTUWxU"
                    />
                  </div>
                </label>
                <div
                  class="StyledBox__StyledBoxGap-sc-13pk1d4-1 cPZcyD"
                />
                <label
                  class="StyledRadioButton__StyledRadioButtonContainer-g1f6ld-0 clVOLE"
                  for="test-scale-undefined-1-5"
                >
                  <div
                    class="StyledBox-sc-13pk1d4-0 gzfjUM StyledRadioButton-g1f6ld-5 dUxqYi"
                  >
                    <input
                      class="StyledRadioButton__StyledRadioButtonInput-g1f6ld-1 hBCEfd"
                      id="test-scale-undefined-1-5"
                      name="test-scale-undefined-1"
                      type="radio"
                      value="5"
                    />
                    <div
                      class="StyledBox-sc-13pk1d4-0 hTUWxU"
                    />
                  </div>
                </label>
              </div>
            </div>
          </div>
          <div
            class="StyledBox-sc-13pk1d4-0 hNrPTY"
          >
            <div
              class="StyledBox-sc-13pk1d4-0 hgSqaU"
            >
              <span
                class="StyledText-sc-1sadyjn-0 hUokoe"
              >
                test-name
              </span>
              <div
                class="StyledBox__StyledBoxGap-sc-13pk1d4-1 ffjnxm"
              />
              <span
                class="StyledText-sc-1sadyjn-0 kiLNeJ"
              >
                12 pm
              </span>
            </div>
            <div
              class="StyledBox-sc-13pk1d4-0 VvbUh"
            >
              <div
                class="StyledBox-sc-13pk1d4-0 eJXoXF"
              >
                <div
                  class="StyledTextInput__StyledTextInputContainer-sc-1x30a0s-1 ksQrmr"
                >
                  <input
                    autocomplete="off"
                    class="StyledTextInput-sc-1x30a0s-0 deAfJe"
                    id="test-name-undefined-2"
                    name="test-name-undefined-2"
                    value=""
                  />
                </div>
              </div>
            </div>
          </div>
          <div
            class="StyledBox-sc-13pk1d4-0 hNrPTY"
          >
            <div
              class="StyledBox-sc-13pk1d4-0 hgSqaU"
            >
              <span
                class="StyledText-sc-1sadyjn-0 hUokoe"
              >
                test-yesno
              </span>
              <div
                class="StyledBox__StyledBoxGap-sc-13pk1d4-1 ffjnxm"
              />
              <span
                class="StyledText-sc-1sadyjn-0 kiLNeJ"
              >
                4 pm
              </span>
            </div>
            <div
              class="StyledBox-sc-13pk1d4-0 VvbUh"
            >
              <div
                class="StyledBox-sc-13pk1d4-0 bIdaiR"
                id="test-yesno-undefined-3"
              >
                <label
                  class="StyledRadioButton__StyledRadioButtonContainer-g1f6ld-0 clVOLE"
                  for="test-yesno-undefined-3-true"
                >
                  <div
                    class="StyledBox-sc-13pk1d4-0 gzfjUM StyledRadioButton-g1f6ld-5 dUxqYi"
                  >
                    <input
                      class="StyledRadioButton__StyledRadioButtonInput-g1f6ld-1 hBCEfd"
                      id="test-yesno-undefined-3-true"
                      name="test-yesno-undefined-3"
                      type="radio"
                      value="true"
                    />
                    <div
                      class="StyledBox-sc-13pk1d4-0 icKYeQ"
                    >
                      <span
                        class="StyledText-sc-1sadyjn-0 cPZwFq"
                      >
                        yes
                      </span>
                    </div>
                  </div>
                </label>
                <div
                  class="StyledBox__StyledBoxGap-sc-13pk1d4-1 fFUrsS"
                />
                <label
                  class="StyledRadioButton__StyledRadioButtonContainer-g1f6ld-0 clVOLE"
                  for="test-yesno-undefined-3-false"
                >
                  <div
                    class="StyledBox-sc-13pk1d4-0 gzfjUM StyledRadioButton-g1f6ld-5 dUxqYi"
                  >
                    <input
                      class="StyledRadioButton__StyledRadioButtonInput-g1f6ld-1 hBCEfd"
                      id="test-yesno-undefined-3-false"
                      name="test-yesno-undefined-3"
                      type="radio"
                      value="false"
                    />
                    <div
                      class="StyledBox-sc-13pk1d4-0 icKYeQ"
                    >
                      <span
                        class="StyledText-sc-1sadyjn-0 cPZwFq"
                      >
                        no
                      </span>
                    </div>
                  </div>
                </label>
              </div>
            </div>
          </div>
          <div
            class="StyledBox-sc-13pk1d4-0 fASbIW"
          />
        </div>
        <div
          class="StyledBox-sc-13pk1d4-0 bEJYwZ"
        >
          <button
            class="StyledButtonKind-sc-1vhfpnt-0 fPzdzZ"
            kind="default"
            type="button"
          >
            add additional data
          </button>
        </div>
        <div
          class="StyledBox-sc-13pk1d4-0 bEJYwZ"
        >
          <button
            class="StyledButtonKind-sc-1vhfpnt-0 fPzdzZ"
            kind="default"
            type="button"
          >
            add a note
          </button>
        </div>
      </div>
    </div>
  </div>
</div>
`;

exports[`renders the calendar 2`] = `
<div
  class="StyledGrommet-sc-19lkkz7-0 fZoPPO"
  style="min-height: 100%;"
>
  <div
    class="StyledGrid-sc-1wofa1l-0 jkgEes"
    style="min-height: 100%;"
  >
    <div
      class="StyledBox-sc-13pk1d4-0 kOYHGA"
    >
      <nav
        class="StyledBox-sc-13pk1d4-0 PHNoe"
      >
        <button
          class="StyledButtonKind-sc-1vhfpnt-0 bvTaVN"
          kind="default"
          title="calendar"
          type="button"
        >
          <svg
            aria-label="Calendar"
            class="StyledIcon-ofa7kd-0 NqKYz"
            viewBox="0 0 24 24"
          >
            <path
              d="M2,5 L22,5 L22,22 L2,22 L2,5 Z M18,5 L18,1 M6,5 L6,1 M2,10 L22,10"
              fill="none"
              stroke="#000"
              stroke-width="2"
            />
          </svg>
        </button>
        <div
          class="StyledBox__StyledBoxGap-sc-13pk1d4-1 cxqgXz"
        />
        <button
          class="StyledButtonKind-sc-1vhfpnt-0 fPzdzZ"
          kind="default"
          title="correlate"
          type="button"
        >
          <svg
            aria-label="Test"
            class="StyledIcon-ofa7kd-0 NqKYz"
            viewBox="0 0 24 24"
          >
            <path
              d="M8.9997,0.99999995 L8.9997,8.0003 L1.9997,20.0003 L1.9997,23.0003 L21.9997,23.0003 L21.9997,20.0003 L14.9997,8.0003 L14.9997,0.99999995 M15,18 C15.5522847,18 16,17.5522847 16,17 C16,16.4477153 15.5522847,16 15,16 C14.4477153,16 14,16.4477153 14,17 C14,17.5522847 14.4477153,18 15,18 Z M9,20 C9.55228475,20 10,19.5522847 10,19 C10,18.4477153 9.55228475,18 9,18 C8.44771525,18 8,18.4477153 8,19 C8,19.5522847 8.44771525,20 9,20 Z M18,13 C11,9.99999996 12,17.0000002 6,14 M5.9997,1.0003 L17.9997,1.0003"
              fill="none"
              stroke="#000"
              stroke-width="2"
            />
          </svg>
        </button>
        <div
          class="StyledBox__StyledBoxGap-sc-13pk1d4-1 cxqgXz"
        />
        <button
          class="StyledButtonKind-sc-1vhfpnt-0 fPzdzZ"
          kind="default"
          title="categories"
          type="button"
        >
          <svg
            aria-label="Tag"
            class="StyledIcon-ofa7kd-0 NqKYz"
            viewBox="0 0 24 24"
          >
            <path
              d="M11.7058543,22.2941457 C11.3160217,22.6839783 10.6897542,22.6897542 10.2968194,22.2968194 L1.70318058,13.7031806 C1.31482467,13.3148247 1.32097101,12.679029 1.70585426,12.2941457 L13,1 L23,1 L23,11 L11.7058543,22.2941457 Z M6,12 L12,18 M9,9 L15,15 M17,6 C17,5.4475 17.4475,5 18,5 C18.5525,5 19,5.4475 19,6 C19,6.5525 18.5525,7 18,7 C17.4475,7 17,6.5525 17,6"
              fill="none"
              stroke="#000"
              stroke-width="2"
            />
          </svg>
        </button>
        <div
          class="StyledBox__StyledBoxGap-sc-13pk1d4-1 cxqgXz"
        />
        <button
          class="StyledButtonKind-sc-1vhfpnt-0 fPzdzZ"
          kind="default"
          title="guide"
          type="button"
        >
          <svg
            aria-label="User"
            class="StyledIcon-ofa7kd-0 NqKYz"
            viewBox="0 0 24 24"
          >
            <path
              d="M8,24 L8,19 M16,24 L16,19 M3,24 L3,19 C3,14.0294373 7.02943725,11 12,11 C16.9705627,11 21,14.0294373 21,19 L21,24 M12,11 C14.7614237,11 17,8.76142375 17,6 C17,3.23857625 14.7614237,1 12,1 C9.23857625,1 7,3.23857625 7,6 C7,8.76142375 9.23857625,11 12,11 Z"
              fill="none"
              stroke="#000"
              stroke-width="2"
            />
          </svg>
        </button>
      </nav>
      <div
        class="StyledBox-sc-13pk1d4-0 bFwQzJ"
        style="transform: translateX(0px);"
      >
        <header
          class="StyledBox-sc-13pk1d4-0 cPVHZm"
        >
          <h1
            class="StyledHeading-sc-1rdh4aw-0 bozgir"
          >
            Aug 23
          </h1>
          <div
            class="StyledBox__StyledBoxGap-sc-13pk1d4-1 cxqgXz"
          />
          <div
            class="StyledBox-sc-13pk1d4-0 bIdaiR"
          >
            <button
              aria-label="Open Drop"
              class="StyledButtonKind-sc-1vhfpnt-0 fPzdzZ"
              kind="default"
              type="button"
            >
              <svg
                aria-label="Calendar"
                class="StyledIcon-ofa7kd-0 kfECiH"
                viewBox="0 0 24 24"
              >
                <path
                  d="M2,5 L22,5 L22,22 L2,22 L2,5 Z M18,5 L18,1 M6,5 L6,1 M2,10 L22,10"
                  fill="none"
                  stroke="#000"
                  stroke-width="2"
                />
              </svg>
            </button>
            <div
              class="StyledBox__StyledBoxGap-sc-13pk1d4-1 ffjnxm"
            />
            <button
              class="StyledButtonKind-sc-1vhfpnt-0 fPzdzZ"
              kind="default"
              type="button"
            >
              <svg
                aria-label="Previous"
                class="StyledIcon-ofa7kd-0 NqKYz"
                viewBox="0 0 24 24"
              >
                <polyline
                  fill="none"
                  points="7 2 17 12 7 22"
                  stroke="#000"
                  stroke-width="2"
                  transform="matrix(-1 0 0 1 24 0)"
                />
              </svg>
            </button>
            <div
              class="StyledBox__StyledBoxGap-sc-13pk1d4-1 ffjnxm"
            />
            <button
              class="StyledButtonKind-sc-1vhfpnt-0 fPzdzZ"
              kind="default"
              type="button"
            >
              <svg
                aria-label="Next"
                class="StyledIcon-ofa7kd-0 NqKYz"
                viewBox="0 0 24 24"
              >
                <polyline
                  fill="none"
                  points="7 2 17 12 7 22"
                  stroke="#000"
                  stroke-width="2"
                />
              </svg>
            </button>
          </div>
        </header>
        <div
          class="StyledBox-sc-13pk1d4-0 kmnMBf"
        >
          <div
            class="StyledBox-sc-13pk1d4-0 hNrPTY"
          >
            <div
              class="StyledBox-sc-13pk1d4-0 hgSqaU"
            >
              <span
                class="StyledText-sc-1sadyjn-0 hUokoe"
              >
                test-number
              </span>
              <div
                class="StyledBox__StyledBoxGap-sc-13pk1d4-1 ffjnxm"
              />
              <span
                class="StyledText-sc-1sadyjn-0 kiLNeJ"
              >
                8 am
              </span>
            </div>
            <div
              class="StyledBox-sc-13pk1d4-0 VvbUh"
            >
              <div
                class="StyledBox-sc-13pk1d4-0 dGjjmJ"
              >
                <div
                  class="StyledTextInput__StyledTextInputContainer-sc-1x30a0s-1 ksQrmr"
                >
                  <input
                    autocomplete="off"
                    class="StyledTextInput-sc-1x30a0s-0 deAfJe"
                    id="test-number-undefined-0"
                    name="test-number-undefined-0"
                    step=".1"
                    type="number"
                    value=""
                  />
                </div>
                <span
                  class="StyledText-sc-1sadyjn-0 juRNPx"
                >
                  hours
                </span>
              </div>
            </div>
          </div>
          <div
            class="StyledBox-sc-13pk1d4-0 hNrPTY"
          >
            <div
              class="StyledBox-sc-13pk1d4-0 hgSqaU"
            >
              <span
                class="StyledText-sc-1sadyjn-0 hUokoe"
              >
                test-scale
              </span>
              <div
                class="StyledBox__StyledBoxGap-sc-13pk1d4-1 ffjnxm"
              />
              <span
                class="StyledText-sc-1sadyjn-0 kiLNeJ"
              >
                12 pm
              </span>
            </div>
            <div
              class="StyledBox-sc-13pk1d4-0 VvbUh"
            >
              <div
                class="StyledBox-sc-13pk1d4-0 bIdaiR"
                id="test-scale-undefined-1"
              >
                <label
                  class="StyledRadioButton__StyledRadioButtonContainer-g1f6ld-0 clVOLE"
                  for="test-scale-undefined-1-1"
                >
                  <div
                    class="StyledBox-sc-13pk1d4-0 gzfjUM StyledRadioButton-g1f6ld-5 dUxqYi"
                  >
                    <input
                      class="StyledRadioButton__StyledRadioButtonInput-g1f6ld-1 hBCEfd"
                      id="test-scale-undefined-1-1"
                      name="test-scale-undefined-1"
                      type="radio"
                      value="1"
                    />
                    <div
                      class="StyledBox-sc-13pk1d4-0 hTUWxU"
                    />
                  </div>
                </label>
                <div
                  class="StyledBox__StyledBoxGap-sc-13pk1d4-1 cPZcyD"
                />
                <label
                  class="StyledRadioButton__StyledRadioButtonContainer-g1f6ld-0 clVOLE"
                  for="test-scale-undefined-1-2"
                >
                  <div
                    class="StyledBox-sc-13pk1d4-0 gzfjUM StyledRadioButton-g1f6ld-5 dUxqYi"
                  >
                    <input
                      class="StyledRadioButton__StyledRadioButtonInput-g1f6ld-1 hBCEfd"
                      id="test-scale-undefined-1-2"
                      name="test-scale-undefined-1"
                      type="radio"
                      value="2"
                    />
                    <div
                      class="StyledBox-sc-13pk1d4-0 hTUWxU"
                    />
                  </div>
                </label>
                <div
                  class="StyledBox__StyledBoxGap-sc-13pk1d4-1 cPZcyD"
                />
                <label
                  class="StyledRadioButton__StyledRadioButtonContainer-g1f6ld-0 clVOLE"
                  for="test-scale-undefined-1-3"
                >
                  <div
                    class="StyledBox-sc-13pk1d4-0 gzfjUM StyledRadioButton-g1f6ld-5 dUxqYi"
                  >
                    <input
                      class="StyledRadioButton__StyledRadioButtonInput-g1f6ld-1 hBCEfd"
                      id="test-scale-undefined-1-3"
                      name="test-scale-undefined-1"
                      type="radio"
                      value="3"
                    />
                    <div
                      class="StyledBox-sc-13pk1d4-0 hTUWxU"
                    />
                  </div>
                </label>
                <div
                  class="StyledBox__StyledBoxGap-sc-13pk1d4-1 cPZcyD"
                />
                <label
                  class="StyledRadioButton__StyledRadioButtonContainer-g1f6ld-0 clVOLE"
                  for="test-scale-undefined-1-4"
                >
                  <div
                    class="StyledBox-sc-13pk1d4-0 gzfjUM StyledRadioButton-g1f6ld-5 dUxqYi"
                  >
                    <input
                      class="StyledRadioButton__StyledRadioButtonInput-g1f6ld-1 hBCEfd"
                      id="test-scale-undefined-1-4"
                      name="test-scale-undefined-1"
                      type="radio"
                      value="4"
                    />
                    <div
                      class="StyledBox-sc-13pk1d4-0 hTUWxU"
                    />
                  </div>
                </label>
                <div
                  class="StyledBox__StyledBoxGap-sc-13pk1d4-1 cPZcyD"
                />
                <label
                  class="StyledRadioButton__StyledRadioButtonContainer-g1f6ld-0 clVOLE"
                  for="test-scale-undefined-1-5"
                >
                  <div
                    class="StyledBox-sc-13pk1d4-0 gzfjUM StyledRadioButton-g1f6ld-5 dUxqYi"
                  >
                    <input
                      class="StyledRadioButton__StyledRadioButtonInput-g1f6ld-1 hBCEfd"
                      id="test-scale-undefined-1-5"
                      name="test-scale-undefined-1"
                      type="radio"
                      value="5"
                    />
                    <div
                      class="StyledBox-sc-13pk1d4-0 hTUWxU"
                    />
                  </div>
                </label>
              </div>
            </div>
          </div>
          <div
            class="StyledBox-sc-13pk1d4-0 hNrPTY"
          >
            <div
              class="StyledBox-sc-13pk1d4-0 hgSqaU"
            >
              <span
                class="StyledText-sc-1sadyjn-0 hUokoe"
              >
                test-name
              </span>
              <div
                class="StyledBox__StyledBoxGap-sc-13pk1d4-1 ffjnxm"
              />
              <span
                class="StyledText-sc-1sadyjn-0 kiLNeJ"
              >
                12 pm
              </span>
            </div>
            <div
              class="StyledBox-sc-13pk1d4-0 VvbUh"
            >
              <div
                class="StyledBox-sc-13pk1d4-0 eJXoXF"
              >
                <div
                  class="StyledTextInput__StyledTextInputContainer-sc-1x30a0s-1 ksQrmr"
                >
                  <input
                    autocomplete="off"
                    class="StyledTextInput-sc-1x30a0s-0 deAfJe"
                    id="test-name-undefined-2"
                    name="test-name-undefined-2"
                    value=""
                  />
                </div>
              </div>
            </div>
          </div>
          <div
            class="StyledBox-sc-13pk1d4-0 hNrPTY"
          >
            <div
              class="StyledBox-sc-13pk1d4-0 hgSqaU"
            >
              <span
                class="StyledText-sc-1sadyjn-0 hUokoe"
              >
                test-yesno
              </span>
              <div
                class="StyledBox__StyledBoxGap-sc-13pk1d4-1 ffjnxm"
              />
              <span
                class="StyledText-sc-1sadyjn-0 kiLNeJ"
              >
                4 pm
              </span>
            </div>
            <div
              class="StyledBox-sc-13pk1d4-0 VvbUh"
            >
              <div
                class="StyledBox-sc-13pk1d4-0 bIdaiR"
                id="test-yesno-undefined-3"
              >
                <label
                  class="StyledRadioButton__StyledRadioButtonContainer-g1f6ld-0 clVOLE"
                  for="test-yesno-undefined-3-true"
                >
                  <div
                    class="StyledBox-sc-13pk1d4-0 gzfjUM StyledRadioButton-g1f6ld-5 dUxqYi"
                  >
                    <input
                      class="StyledRadioButton__StyledRadioButtonInput-g1f6ld-1 hBCEfd"
                      id="test-yesno-undefined-3-true"
                      name="test-yesno-undefined-3"
                      type="radio"
                      value="true"
                    />
                    <div
                      class="StyledBox-sc-13pk1d4-0 icKYeQ"
                    >
                      <span
                        class="StyledText-sc-1sadyjn-0 cPZwFq"
                      >
                        yes
                      </span>
                    </div>
                  </div>
                </label>
                <div
                  class="StyledBox__StyledBoxGap-sc-13pk1d4-1 fFUrsS"
                />
                <label
                  class="StyledRadioButton__StyledRadioButtonContainer-g1f6ld-0 clVOLE"
                  for="test-yesno-undefined-3-false"
                >
                  <div
                    class="StyledBox-sc-13pk1d4-0 gzfjUM StyledRadioButton-g1f6ld-5 dUxqYi"
                  >
                    <input
                      class="StyledRadioButton__StyledRadioButtonInput-g1f6ld-1 hBCEfd"
                      id="test-yesno-undefined-3-false"
                      name="test-yesno-undefined-3"
                      type="radio"
                      value="false"
                    />
                    <div
                      class="StyledBox-sc-13pk1d4-0 icKYeQ"
                    >
                      <span
                        class="StyledText-sc-1sadyjn-0 cPZwFq"
                      >
                        no
                      </span>
                    </div>
                  </div>
                </label>
              </div>
            </div>
          </div>
          <div
            class="StyledBox-sc-13pk1d4-0 fASbIW"
          />
        </div>
        <div
          class="StyledBox-sc-13pk1d4-0 bEJYwZ"
        >
          <button
            class="StyledButtonKind-sc-1vhfpnt-0 fPzdzZ"
            kind="default"
            type="button"
          >
            add additional data
          </button>
        </div>
        <div
          class="StyledBox-sc-13pk1d4-0 bEJYwZ"
        >
          <button
            class="StyledButtonKind-sc-1vhfpnt-0 fPzdzZ"
            kind="default"
            type="button"
          >
            add a note
          </button>
        </div>
      </div>
    </div>
  </div>
</div>
`;
