// Jest Snapshot v1, https://goo.gl/fbAQLP

exports[`renders correlate 1`] = `
<div
  class="StyledGrommet-sc-19lkkz7-0 fZoPPO"
  style="min-height: 100%;"
>
  <div
    class="StyledGrid-sc-1wofa1l-0 jkgEes"
    style="min-height: 100%;"
  >
    <div
      class="StyledBox-sc-13pk1d4-0 kOYHGA"
    >
      <nav
        class="StyledBox-sc-13pk1d4-0 PHNoe"
      >
        <button
          class="StyledButtonKind-sc-1vhfpnt-0 fPzdzZ"
          kind="default"
          title="calendar"
          type="button"
        >
          <svg
            aria-label="Calendar"
            class="StyledIcon-ofa7kd-0 NqKYz"
            viewBox="0 0 24 24"
          >
            <path
              d="M2,5 L22,5 L22,22 L2,22 L2,5 Z M18,5 L18,1 M6,5 L6,1 M2,10 L22,10"
              fill="none"
              stroke="#000"
              stroke-width="2"
            />
          </svg>
        </button>
        <div
          class="StyledBox__StyledBoxGap-sc-13pk1d4-1 cxqgXz"
        />
        <button
          class="StyledButtonKind-sc-1vhfpnt-0 bvTaVN"
          kind="default"
          title="correlate"
          type="button"
        >
          <svg
            aria-label="Test"
            class="StyledIcon-ofa7kd-0 NqKYz"
            viewBox="0 0 24 24"
          >
            <path
              d="M8.9997,0.99999995 L8.9997,8.0003 L1.9997,20.0003 L1.9997,23.0003 L21.9997,23.0003 L21.9997,20.0003 L14.9997,8.0003 L14.9997,0.99999995 M15,18 C15.5522847,18 16,17.5522847 16,17 C16,16.4477153 15.5522847,16 15,16 C14.4477153,16 14,16.4477153 14,17 C14,17.5522847 14.4477153,18 15,18 Z M9,20 C9.55228475,20 10,19.5522847 10,19 C10,18.4477153 9.55228475,18 9,18 C8.44771525,18 8,18.4477153 8,19 C8,19.5522847 8.44771525,20 9,20 Z M18,13 C11,9.99999996 12,17.0000002 6,14 M5.9997,1.0003 L17.9997,1.0003"
              fill="none"
              stroke="#000"
              stroke-width="2"
            />
          </svg>
        </button>
        <div
          class="StyledBox__StyledBoxGap-sc-13pk1d4-1 cxqgXz"
        />
        <button
          class="StyledButtonKind-sc-1vhfpnt-0 fPzdzZ"
          kind="default"
          title="categories"
          type="button"
        >
          <svg
            aria-label="Tag"
            class="StyledIcon-ofa7kd-0 NqKYz"
            viewBox="0 0 24 24"
          >
            <path
              d="M11.7058543,22.2941457 C11.3160217,22.6839783 10.6897542,22.6897542 10.2968194,22.2968194 L1.70318058,13.7031806 C1.31482467,13.3148247 1.32097101,12.679029 1.70585426,12.2941457 L13,1 L23,1 L23,11 L11.7058543,22.2941457 Z M6,12 L12,18 M9,9 L15,15 M17,6 C17,5.4475 17.4475,5 18,5 C18.5525,5 19,5.4475 19,6 C19,6.5525 18.5525,7 18,7 C17.4475,7 17,6.5525 17,6"
              fill="none"
              stroke="#000"
              stroke-width="2"
            />
          </svg>
        </button>
        <div
          class="StyledBox__StyledBoxGap-sc-13pk1d4-1 cxqgXz"
        />
        <button
          class="StyledButtonKind-sc-1vhfpnt-0 fPzdzZ"
          kind="default"
          title="guide"
          type="button"
        >
          <svg
            aria-label="User"
            class="StyledIcon-ofa7kd-0 NqKYz"
            viewBox="0 0 24 24"
          >
            <path
              d="M8,24 L8,19 M16,24 L16,19 M3,24 L3,19 C3,14.0294373 7.02943725,11 12,11 C16.9705627,11 21,14.0294373 21,19 L21,24 M12,11 C14.7614237,11 17,8.76142375 17,6 C17,3.23857625 14.7614237,1 12,1 C9.23857625,1 7,3.23857625 7,6 C7,8.76142375 9.23857625,11 12,11 Z"
              fill="none"
              stroke="#000"
              stroke-width="2"
            />
          </svg>
        </button>
      </nav>
      <div
        class="StyledBox-sc-13pk1d4-0 fGNJtn"
      >
        <header
          class="StyledBox-sc-13pk1d4-0 TLWLY"
        >
          <h1
            class="StyledHeading-sc-1rdh4aw-0 bozgir"
          >
            correlate
          </h1>
          <div
            class="StyledBox__StyledBoxGap-sc-13pk1d4-1 cxqgXz"
          />
          <button
            aria-label="Open Drop"
            class="StyledButtonKind-sc-1vhfpnt-0 fPzdzZ"
            kind="default"
            type="button"
          >
            <div
              class="StyledBox-sc-13pk1d4-0 gPerFl"
            >
              Aug 17 - Aug 23
              <div
                class="StyledBox__StyledBoxGap-sc-13pk1d4-1 ffjnxm"
              />
              <svg
                aria-label="Calendar"
                class="StyledIcon-ofa7kd-0 kfECiH"
                viewBox="0 0 24 24"
              >
                <path
                  d="M2,5 L22,5 L22,22 L2,22 L2,5 Z M18,5 L18,1 M6,5 L6,1 M2,10 L22,10"
                  fill="none"
                  stroke="#000"
                  stroke-width="2"
                />
              </svg>
            </div>
          </button>
        </header>
        <div
          class="StyledBox-sc-13pk1d4-0 hXorhD"
        >
          <div
            class="StyledBox-sc-13pk1d4-0 bFwQzJ"
          >
            <div
              class="StyledStack-ajspsk-0 blvUmF"
            >
              <div
                class="StyledStack__StyledStackLayer-ajspsk-1 gzpmgV"
              >
                <div
                  class="StyledBox-sc-13pk1d4-0 hiwgjb"
                >
                  <div
                    class="StyledBox-sc-13pk1d4-0 cVtJhS"
                  />
                  <div
                    class="StyledBox-sc-13pk1d4-0 cVtJhS"
                  />
                  <div
                    class="StyledBox-sc-13pk1d4-0 cVtJhS"
                  />
                  <div
                    class="StyledBox-sc-13pk1d4-0 cVtJhS"
                  />
                  <div
                    class="StyledBox-sc-13pk1d4-0 cVtJhS"
                  />
                  <div
                    class="StyledBox-sc-13pk1d4-0 cVtJhS"
                  />
                  <div
                    class="StyledBox-sc-13pk1d4-0 cVtJhS"
                  />
                </div>
              </div>
              <div
                class="StyledStack__StyledStackLayer-ajspsk-1 bEYrkt"
              >
                <svg
                  class="StyledChart-sc-1nae0gf-0 kHcRKn"
                  height="192"
                  preserveAspectRatio="none"
                  viewBox="0 0 0 192"
                  width="0"
                >
                  <g
                    fill="none"
                    opacity="0.8"
                    stroke="#4d648d"
                    stroke-linecap="round"
                    stroke-linejoin="round"
                    stroke-width="3"
                  >
                    <g
                      fill="none"
                    >
                      <path
                        d=""
                      />
                      
                    </g>
                  </g>
                </svg>
              </div>
              <div
                class="StyledStack__StyledStackLayer-ajspsk-1 gzpmgV"
              >
                <svg
                  class="StyledChart-sc-1nae0gf-0 kHcRKn"
                  height="192"
                  preserveAspectRatio="none"
                  viewBox="0 0 0 192"
                  width="0"
                >
                  <g
                    fill="#4d648d"
                    opacity="0.8"
                    stroke="none"
                    stroke-linecap="round"
                    stroke-linejoin="round"
                  />
                </svg>
              </div>
            </div>
            <div
              class="StyledBox-sc-13pk1d4-0 gcyZcJ"
            >
              <div
                class="StyledBox-sc-13pk1d4-0 ucRJb"
              >
                8/17
              </div>
              <div
                class="StyledBox-sc-13pk1d4-0 ucRJb"
              >
                8/18
              </div>
              <div
                class="StyledBox-sc-13pk1d4-0 ucRJb"
              >
                8/19
              </div>
              <div
                class="StyledBox-sc-13pk1d4-0 ucRJb"
              >
                8/20
              </div>
              <div
                class="StyledBox-sc-13pk1d4-0 ucRJb"
              >
                8/21
              </div>
              <div
                class="StyledBox-sc-13pk1d4-0 ucRJb"
              >
                8/22
              </div>
              <div
                class="StyledBox-sc-13pk1d4-0 ucRJb"
              >
                8/23
              </div>
            </div>
          </div>
        </div>
        <div
          class="StyledBox-sc-13pk1d4-0 bFwQzJ"
        >
          <div
            class="StyledBox-sc-13pk1d4-0 VvbUh"
          >
            <div
              class="StyledBox-sc-13pk1d4-0 rpWqh"
            >
              <div
                class="StyledBox-sc-13pk1d4-0 fVhKvv"
              />
              <div
                class="StyledBox__StyledBoxGap-sc-13pk1d4-1 ffjnxm"
              />
              <button
                aria-label="Open Drop"
                class="StyledButtonKind-sc-1vhfpnt-0 hUmyXm Select__StyledSelectDropButton-sc-17idtfo-1 ksCGpf"
                kind="default"
                type="button"
              >
                <div
                  class="StyledBox-sc-13pk1d4-0 VvbUh"
                >
                  <div
                    class="StyledBox-sc-13pk1d4-0 bVYLzf"
                  >
                    <div
                      class="StyledTextInput__StyledTextInputContainer-sc-1x30a0s-1 ksQrmr"
                    >
                      <input
                        autocomplete="off"
                        class="StyledTextInput-sc-1x30a0s-0 fVbmbP Select__SelectTextInput-sc-17idtfo-0 hWmVID"
                        readonly=""
                        tabindex="-1"
                        type="text"
                        value="test-scale"
                      />
                    </div>
                  </div>
                  <div
                    class="StyledBox-sc-13pk1d4-0 iCDnTm"
                    style="min-width: auto;"
                  >
                    <svg
                      aria-label="FormDown"
                      class="StyledIcon-ofa7kd-0 gzFBrD"
                      viewBox="0 0 24 24"
                    >
                      <polyline
                        fill="none"
                        points="18 9 12 15 6 9"
                        stroke="#000"
                        stroke-width="2"
                      />
                    </svg>
                  </div>
                </div>
              </button>
            </div>
            <div
              class="StyledBox__StyledBoxGap-sc-13pk1d4-1 cxqgXz"
            />
            <button
              class="StyledButtonKind-sc-1vhfpnt-0 fPzdzZ"
              kind="default"
              type="button"
            >
              <svg
                aria-label="Close"
                class="StyledIcon-ofa7kd-0 NqKYz"
                viewBox="0 0 24 24"
              >
                <path
                  d="M3,3 L21,21 M3,21 L21,3"
                  fill="none"
                  stroke="#000"
                  stroke-width="2"
                />
              </svg>
            </button>
          </div>
          <div
            class="StyledBox__StyledBoxGap-sc-13pk1d4-1 liuKJs"
          />
          <div
            class="StyledBox-sc-13pk1d4-0 cKMdET"
          >
            <button
              class="StyledButtonKind-sc-1vhfpnt-0 fPzdzZ"
              kind="default"
              type="button"
            >
              <svg
                aria-label="Add"
                class="StyledIcon-ofa7kd-0 NqKYz"
                viewBox="0 0 24 24"
              >
                <path
                  d="M12,22 L12,2 M2,12 L22,12"
                  fill="none"
                  stroke="#000"
                  stroke-width="2"
                />
              </svg>
            </button>
          </div>
        </div>
      </div>
    </div>
  </div>
</div>
`;

exports[`renders correlate 2`] = `
<div
  class="StyledGrommet-sc-19lkkz7-0 fZoPPO"
  style="min-height: 100%;"
>
  <div
    class="StyledGrid-sc-1wofa1l-0 jkgEes"
    style="min-height: 100%;"
  >
    <div
      class="StyledBox-sc-13pk1d4-0 kOYHGA"
    >
      <nav
        class="StyledBox-sc-13pk1d4-0 PHNoe"
      >
        <button
          class="StyledButtonKind-sc-1vhfpnt-0 fPzdzZ"
          kind="default"
          title="calendar"
          type="button"
        >
          <svg
            aria-label="Calendar"
            class="StyledIcon-ofa7kd-0 NqKYz"
            viewBox="0 0 24 24"
          >
            <path
              d="M2,5 L22,5 L22,22 L2,22 L2,5 Z M18,5 L18,1 M6,5 L6,1 M2,10 L22,10"
              fill="none"
              stroke="#000"
              stroke-width="2"
            />
          </svg>
        </button>
        <div
          class="StyledBox__StyledBoxGap-sc-13pk1d4-1 cxqgXz"
        />
        <button
          class="StyledButtonKind-sc-1vhfpnt-0 bvTaVN"
          kind="default"
          title="correlate"
          type="button"
        >
          <svg
            aria-label="Test"
            class="StyledIcon-ofa7kd-0 NqKYz"
            viewBox="0 0 24 24"
          >
            <path
              d="M8.9997,0.99999995 L8.9997,8.0003 L1.9997,20.0003 L1.9997,23.0003 L21.9997,23.0003 L21.9997,20.0003 L14.9997,8.0003 L14.9997,0.99999995 M15,18 C15.5522847,18 16,17.5522847 16,17 C16,16.4477153 15.5522847,16 15,16 C14.4477153,16 14,16.4477153 14,17 C14,17.5522847 14.4477153,18 15,18 Z M9,20 C9.55228475,20 10,19.5522847 10,19 C10,18.4477153 9.55228475,18 9,18 C8.44771525,18 8,18.4477153 8,19 C8,19.5522847 8.44771525,20 9,20 Z M18,13 C11,9.99999996 12,17.0000002 6,14 M5.9997,1.0003 L17.9997,1.0003"
              fill="none"
              stroke="#000"
              stroke-width="2"
            />
          </svg>
        </button>
        <div
          class="StyledBox__StyledBoxGap-sc-13pk1d4-1 cxqgXz"
        />
        <button
          class="StyledButtonKind-sc-1vhfpnt-0 fPzdzZ"
          kind="default"
          title="categories"
          type="button"
        >
          <svg
            aria-label="Tag"
            class="StyledIcon-ofa7kd-0 NqKYz"
            viewBox="0 0 24 24"
          >
            <path
              d="M11.7058543,22.2941457 C11.3160217,22.6839783 10.6897542,22.6897542 10.2968194,22.2968194 L1.70318058,13.7031806 C1.31482467,13.3148247 1.32097101,12.679029 1.70585426,12.2941457 L13,1 L23,1 L23,11 L11.7058543,22.2941457 Z M6,12 L12,18 M9,9 L15,15 M17,6 C17,5.4475 17.4475,5 18,5 C18.5525,5 19,5.4475 19,6 C19,6.5525 18.5525,7 18,7 C17.4475,7 17,6.5525 17,6"
              fill="none"
              stroke="#000"
              stroke-width="2"
            />
          </svg>
        </button>
        <div
          class="StyledBox__StyledBoxGap-sc-13pk1d4-1 cxqgXz"
        />
        <button
          class="StyledButtonKind-sc-1vhfpnt-0 fPzdzZ"
          kind="default"
          title="guide"
          type="button"
        >
          <svg
            aria-label="User"
            class="StyledIcon-ofa7kd-0 NqKYz"
            viewBox="0 0 24 24"
          >
            <path
              d="M8,24 L8,19 M16,24 L16,19 M3,24 L3,19 C3,14.0294373 7.02943725,11 12,11 C16.9705627,11 21,14.0294373 21,19 L21,24 M12,11 C14.7614237,11 17,8.76142375 17,6 C17,3.23857625 14.7614237,1 12,1 C9.23857625,1 7,3.23857625 7,6 C7,8.76142375 9.23857625,11 12,11 Z"
              fill="none"
              stroke="#000"
              stroke-width="2"
            />
          </svg>
        </button>
      </nav>
      <div
        class="StyledBox-sc-13pk1d4-0 fGNJtn"
      >
        <header
          class="StyledBox-sc-13pk1d4-0 TLWLY"
        >
          <h1
            class="StyledHeading-sc-1rdh4aw-0 bozgir"
          >
            correlate
          </h1>
          <div
            class="StyledBox__StyledBoxGap-sc-13pk1d4-1 cxqgXz"
          />
          <button
            aria-label="Open Drop"
            class="StyledButtonKind-sc-1vhfpnt-0 fPzdzZ"
            kind="default"
            type="button"
          >
            <div
              class="StyledBox-sc-13pk1d4-0 gPerFl"
            >
              Aug 17 - Aug 23
              <div
                class="StyledBox__StyledBoxGap-sc-13pk1d4-1 ffjnxm"
              />
              <svg
                aria-label="Calendar"
                class="StyledIcon-ofa7kd-0 kfECiH"
                viewBox="0 0 24 24"
              >
                <path
                  d="M2,5 L22,5 L22,22 L2,22 L2,5 Z M18,5 L18,1 M6,5 L6,1 M2,10 L22,10"
                  fill="none"
                  stroke="#000"
                  stroke-width="2"
                />
              </svg>
            </div>
          </button>
        </header>
        <div
          class="StyledBox-sc-13pk1d4-0 hXorhD"
        >
          <div
            class="StyledBox-sc-13pk1d4-0 bFwQzJ"
          >
            <div
              class="StyledStack-ajspsk-0 blvUmF"
            >
              <div
                class="StyledStack__StyledStackLayer-ajspsk-1 gzpmgV"
              >
                <div
                  class="StyledBox-sc-13pk1d4-0 hiwgjb"
                >
                  <div
                    class="StyledBox-sc-13pk1d4-0 cVtJhS"
                  />
                  <div
                    class="StyledBox-sc-13pk1d4-0 cVtJhS"
                  />
                  <div
                    class="StyledBox-sc-13pk1d4-0 cVtJhS"
                  />
                  <div
                    class="StyledBox-sc-13pk1d4-0 cVtJhS"
                  />
                  <div
                    class="StyledBox-sc-13pk1d4-0 cVtJhS"
                  />
                  <div
                    class="StyledBox-sc-13pk1d4-0 cVtJhS"
                  />
                  <div
                    class="StyledBox-sc-13pk1d4-0 cVtJhS"
                  />
                </div>
              </div>
              <div
                class="StyledStack__StyledStackLayer-ajspsk-1 bEYrkt"
              >
                <svg
                  class="StyledChart-sc-1nae0gf-0 kHcRKn"
                  height="192"
                  preserveAspectRatio="none"
                  viewBox="0 0 0 192"
                  width="0"
                >
                  <g
                    fill="none"
                    opacity="0.8"
                    stroke="#4d648d"
                    stroke-linecap="round"
                    stroke-linejoin="round"
                    stroke-width="3"
                  >
                    <g
                      fill="none"
                    >
                      <path
                        d=""
                      />
                      
                    </g>
                  </g>
                </svg>
              </div>
              <div
                class="StyledStack__StyledStackLayer-ajspsk-1 gzpmgV"
              >
                <svg
                  class="StyledChart-sc-1nae0gf-0 kHcRKn"
                  height="192"
                  preserveAspectRatio="none"
                  viewBox="0 0 0 192"
                  width="0"
                >
                  <g
                    fill="#4d648d"
                    opacity="0.8"
                    stroke="none"
                    stroke-linecap="round"
                    stroke-linejoin="round"
                  />
                </svg>
              </div>
            </div>
            <div
              class="StyledBox-sc-13pk1d4-0 gcyZcJ"
            >
              <div
                class="StyledBox-sc-13pk1d4-0 ucRJb"
              >
                8/17
              </div>
              <div
                class="StyledBox-sc-13pk1d4-0 ucRJb"
              >
                8/18
              </div>
              <div
                class="StyledBox-sc-13pk1d4-0 ucRJb"
              >
                8/19
              </div>
              <div
                class="StyledBox-sc-13pk1d4-0 ucRJb"
              >
                8/20
              </div>
              <div
                class="StyledBox-sc-13pk1d4-0 ucRJb"
              >
                8/21
              </div>
              <div
                class="StyledBox-sc-13pk1d4-0 ucRJb"
              >
                8/22
              </div>
              <div
                class="StyledBox-sc-13pk1d4-0 ucRJb"
              >
                8/23
              </div>
            </div>
          </div>
        </div>
        <div
          class="StyledBox-sc-13pk1d4-0 bFwQzJ"
        >
          <div
            class="StyledBox-sc-13pk1d4-0 VvbUh"
          >
            <div
              class="StyledBox-sc-13pk1d4-0 rpWqh"
            >
              <div
                class="StyledBox-sc-13pk1d4-0 fVhKvv"
              />
              <div
                class="StyledBox__StyledBoxGap-sc-13pk1d4-1 ffjnxm"
              />
              <button
                aria-label="Open Drop"
                class="StyledButtonKind-sc-1vhfpnt-0 hUmyXm Select__StyledSelectDropButton-sc-17idtfo-1 ksCGpf"
                kind="default"
                type="button"
              >
                <div
                  class="StyledBox-sc-13pk1d4-0 VvbUh"
                >
                  <div
                    class="StyledBox-sc-13pk1d4-0 bVYLzf"
                  >
                    <div
                      class="StyledTextInput__StyledTextInputContainer-sc-1x30a0s-1 ksQrmr"
                    >
                      <input
                        autocomplete="off"
                        class="StyledTextInput-sc-1x30a0s-0 fVbmbP Select__SelectTextInput-sc-17idtfo-0 hWmVID"
                        readonly=""
                        tabindex="-1"
                        type="text"
                        value="test-scale"
                      />
                    </div>
                  </div>
                  <div
                    class="StyledBox-sc-13pk1d4-0 iCDnTm"
                    style="min-width: auto;"
                  >
                    <svg
                      aria-label="FormDown"
                      class="StyledIcon-ofa7kd-0 gzFBrD"
                      viewBox="0 0 24 24"
                    >
                      <polyline
                        fill="none"
                        points="18 9 12 15 6 9"
                        stroke="#000"
                        stroke-width="2"
                      />
                    </svg>
                  </div>
                </div>
              </button>
            </div>
            <div
              class="StyledBox__StyledBoxGap-sc-13pk1d4-1 cxqgXz"
            />
            <button
              class="StyledButtonKind-sc-1vhfpnt-0 fPzdzZ"
              kind="default"
              type="button"
            >
              <svg
                aria-label="Close"
                class="StyledIcon-ofa7kd-0 NqKYz"
                viewBox="0 0 24 24"
              >
                <path
                  d="M3,3 L21,21 M3,21 L21,3"
                  fill="none"
                  stroke="#000"
                  stroke-width="2"
                />
              </svg>
            </button>
          </div>
          <div
            class="StyledBox__StyledBoxGap-sc-13pk1d4-1 liuKJs"
          />
          <div
            class="StyledBox-sc-13pk1d4-0 cKMdET"
          >
            <button
              class="StyledButtonKind-sc-1vhfpnt-0 fPzdzZ"
              kind="default"
              type="button"
            >
              <svg
                aria-label="Add"
                class="StyledIcon-ofa7kd-0 NqKYz"
                viewBox="0 0 24 24"
              >
                <path
                  d="M12,22 L12,2 M2,12 L22,12"
                  fill="none"
                  stroke="#000"
                  stroke-width="2"
                />
              </svg>
            </button>
          </div>
        </div>
      </div>
    </div>
  </div>
</div>
`;
